REMOVIDO /Users/ppvfx/.npm/_logs 45056
REMOVIDO /Users/ppvfx/Library/Caches/pip 309673984
REMOVIDO /Users/ppvfx/Library/Caches/node-gyp 65634304
REMOVIDO /Users/ppvfx/Library/Caches/electron 111357952
REMOVIDO /Users/ppvfx/Documents/IA/.video-tools/yaml/__pycache__ 0
REMOVIDO /Users/ppvfx/Documents/IA/.tools/pymupdf/pymupdf/__pycache__ 0
REMOVIDO /Users/ppvfx/Documents/IA/whisper-env/lib/python3.10/site-packages/__pycache__ 45056
REMOVIDO /Users/ppvfx/Documents/IA/whisper-env/lib/python3.10/site-packages/av/__pycache__ 0
REMOVIDO /Users/ppvfx/Documents/IA/whisper-env/lib/python3.10/site-packages/PIL/__pycache__ 0
REMOVIDO /Users/ppvfx/Documents/IA/whisper-env/lib/python3.10/site-packages/tqdm/__pycache__ 0
REMOVIDO /Users/ppvfx/Documents/IA/whisper-env/lib/python3.10/site-packages/yaml/__pycache__ 0
REMOVIDO /Users/ppvfx/Documents/IA/whisper-env/lib/python3.10/site-packages/torch/__pycache__ 0
REMOVIDO /Users/ppvfx/Documents/IA/whisper-env/lib/python3.10/site-packages/regex/__pycache__ 0
REMOVIDO /Users/ppvfx/Documents/IA/whisper-env/lib/python3.10/site-packages/numpy/__pycache__ 0
REMOVIDO /Users/ppvfx/Documents/IA/whisper-env/lib/python3.10/site-packages/numba/__pycache__ 0
REMOVIDO /Users/ppvfx/Documents/IA/whisper-env/lib/python3.10/site-packages/scipy/__pycache__ 0
REMOVIDO /Users/ppvfx/Documents/IA/whisper-env/lib/python3.10/site-packages/pymupdf/__pycache__ 0
REMOVIDO /Users/ppvfx/Documents/IA/whisper-env/lib/python3.10/site-packages/whisper/__pycache__ 0
REMOVIDO /Users/ppvfx/Documents/IA/whisper-env/lib/python3.10/site-packages/llvmlite/__pycache__ 0
REMOVIDO /Users/ppvfx/Documents/IA/whisper-env/lib/python3.10/site-packages/torch/nn/__pycache__ 0
REMOVIDO /Users/ppvfx/Documents/IA/whisper-env/lib/python3.10/site-packages/torch/fx/__pycache__ 0
REMOVIDO /Users/ppvfx/Documents/IA/whisper-env/lib/python3.10/site-packages/torch/ao/__pycache__ 0
REMOVIDO /Users/ppvfx/Documents/IA/whisper-env/lib/python3.10/site-packages/numpy/ma/__pycache__ 0
REMOVIDO /Users/ppvfx/Documents/IA/whisper-env/lib/python3.10/site-packages/tiktoken/__pycache__ 0
REMOVIDO /Users/ppvfx/Documents/IA/whisper-env/lib/python3.10/site-packages/numba/np/__pycache__ 0
REMOVIDO /Users/ppvfx/Documents/IA/whisper-env/lib/python3.10/site-packages/torchgen/__pycache__ 0
REMOVIDO /Users/ppvfx/Documents/IA/whisper-env/lib/python3.10/site-packages/torch/mps/__pycache__ 0
REMOVIDO /Users/ppvfx/Documents/IA/whisper-env/lib/python3.10/site-packages/torch/cpu/__pycache__ 0
REMOVIDO /Users/ppvfx/Documents/IA/whisper-env/lib/python3.10/site-packages/torch/xpu/__pycache__ 0
REMOVIDO /Users/ppvfx/Documents/IA/whisper-env/lib/python3.10/site-packages/torch/amp/__pycache__ 0
REMOVIDO /Users/ppvfx/Documents/IA/whisper-env/lib/python3.10/site-packages/torch/jit/__pycache__ 0
REMOVIDO /Users/ppvfx/Documents/IA/whisper-env/lib/python3.10/site-packages/torch/fft/__pycache__ 0
REMOVIDO /Users/ppvfx/Documents/IA/whisper-env/lib/python3.10/site-packages/numpy/lib/__pycache__ 0
REMOVIDO /Users/ppvfx/Documents/IA/whisper-env/lib/python3.10/site-packages/numpy/fft/__pycache__ 0
REMOVIDO /Users/ppvfx/Documents/IA/whisper-env/lib/python3.10/site-packages/torch/cuda/__pycache__ 0
REMOVIDO /Users/ppvfx/Documents/IA/whisper-env/lib/python3.10/site-packages/torch/mtia/__pycache__ 0
REMOVIDO /Users/ppvfx/Documents/IA/whisper-env/lib/python3.10/site-packages/torch/func/__pycache__ 0
REMOVIDO /Users/ppvfx/Documents/IA/whisper-env/lib/python3.10/site-packages/numpy/core/__pycache__ 0
REMOVIDO /Users/ppvfx/Documents/IA/whisper-env/lib/python3.10/site-packages/numba/misc/__pycache__ 0
REMOVIDO /Users/ppvfx/Documents/IA/whisper-env/lib/python3.10/site-packages/numba/core/__pycache__ 0
REMOVIDO /Users/ppvfx/Documents/IA/whisper-env/lib/python3.10/site-packages/scipy/_lib/__pycache__ 147456
REMOVIDO /Users/ppvfx/Documents/IA/whisper-env/lib/python3.10/site-packages/llvmlite/ir/__pycache__ 0
REMOVIDO /Users/ppvfx/Documents/IA/whisper-env/lib/python3.10/site-packages/torch/optim/__pycache__ 0
REMOVIDO /Users/ppvfx/Documents/IA/whisper-env/lib/python3.10/site-packages/torch/utils/__pycache__ 0
REMOVIDO /Users/ppvfx/Documents/IA/whisper-env/lib/python3.10/site-packages/torch/ao/nn/__pycache__ 0
REMOVIDO /Users/ppvfx/Documents/IA/whisper-env/lib/python3.10/site-packages/torch/_refs/__pycache__ 0
REMOVIDO /Users/ppvfx/Documents/IA/whisper-env/lib/python3.10/site-packages/numpy/_core/__pycache__ 0
REMOVIDO /Users/ppvfx/Documents/IA/whisper-env/lib/python3.10/site-packages/ctranslate2/__pycache__ 0
REMOVIDO /Users/ppvfx/Documents/IA/whisper-env/lib/python3.10/site-packages/numba/typed/__pycache__ 0
REMOVIDO /Users/ppvfx/Documents/IA/whisper-env/lib/python3.10/site-packages/torch/_prims/__pycache__ 0
REMOVIDO /Users/ppvfx/Documents/IA/whisper-env/lib/python3.10/site-packages/torch/linalg/__pycache__ 0
REMOVIDO /Users/ppvfx/Documents/IA/whisper-env/lib/python3.10/site-packages/torch/masked/__pycache__ 0
REMOVIDO /Users/ppvfx/Documents/IA/whisper-env/lib/python3.10/site-packages/torch/sparse/__pycache__ 0
REMOVIDO /Users/ppvfx/Documents/IA/whisper-env/lib/python3.10/site-packages/torch/export/__pycache__ 0
REMOVIDO /Users/ppvfx/Documents/IA/whisper-env/lib/python3.10/site-packages/torch/nested/__pycache__ 0
REMOVIDO /Users/ppvfx/Documents/IA/whisper-env/lib/python3.10/site-packages/torch/signal/__pycache__ 0
REMOVIDO /Users/ppvfx/Documents/IA/whisper-env/lib/python3.10/site-packages/numpy/_utils/__pycache__ 0
REMOVIDO /Users/ppvfx/Documents/IA/whisper-env/lib/python3.10/site-packages/numpy/compat/__pycache__ 0
REMOVIDO /Users/ppvfx/Documents/IA/whisper-env/lib/python3.10/site-packages/numpy/linalg/__pycache__ 0
REMOVIDO /Users/ppvfx/Documents/IA/whisper-env/lib/python3.10/site-packages/numpy/random/__pycache__ 0
REMOVIDO /Users/ppvfx/Documents/IA/whisper-env/lib/python3.10/site-packages/torch/_export/__pycache__ 0
REMOVIDO /Users/ppvfx/Documents/IA/whisper-env/lib/python3.10/site-packages/torch/monitor/__pycache__ 0
REMOVIDO /Users/ppvfx/Documents/IA/whisper-env/lib/python3.10/site-packages/torch/futures/__pycache__ 0
REMOVIDO /Users/ppvfx/Documents/IA/whisper-env/lib/python3.10/site-packages/torch/_vendor/__pycache__ 0
REMOVIDO /Users/ppvfx/Documents/IA/whisper-env/lib/python3.10/site-packages/torch/cpu/amp/__pycache__ 0
REMOVIDO /Users/ppvfx/Documents/IA/whisper-env/lib/python3.10/site-packages/torch/_decomp/__pycache__ 0
REMOVIDO /Users/ppvfx/Documents/IA/whisper-env/lib/python3.10/site-packages/torch/special/__pycache__ 0
REMOVIDO /Users/ppvfx/Documents/IA/whisper-env/lib/python3.10/site-packages/torch/testing/__pycache__ 0
REMOVIDO /Users/ppvfx/Documents/IA/whisper-env/lib/python3.10/site-packages/torch/_awaits/__pycache__ 0
REMOVIDO /Users/ppvfx/Documents/IA/whisper-env/lib/python3.10/site-packages/torch/package/__pycache__ 0
REMOVIDO /Users/ppvfx/Documents/IA/whisper-env/lib/python3.10/site-packages/torch/_native/__pycache__ 0
REMOVIDO /Users/ppvfx/Documents/IA/whisper-env/lib/python3.10/site-packages/numpy/_typing/__pycache__ 4096
REMOVIDO /Users/ppvfx/Documents/IA/whisper-env/lib/python3.10/site-packages/numba/cpython/__pycache__ 0
REMOVIDO /Users/ppvfx/Documents/IA/whisper-env/lib/python3.10/site-packages/numba/parfors/__pycache__ 0
REMOVIDO /Users/ppvfx/Documents/IA/whisper-env/lib/python3.10/site-packages/torch/_logging/__pycache__ 0
REMOVIDO /Users/ppvfx/Documents/IA/whisper-env/lib/python3.10/site-packages/torch/nn/utils/__pycache__ 0
REMOVIDO /Users/ppvfx/Documents/IA/whisper-env/lib/python3.10/site-packages/torch/autograd/__pycache__ 0
REMOVIDO /Users/ppvfx/Documents/IA/whisper-env/lib/python3.10/site-packages/torch/cuda/amp/__pycache__ 0
REMOVIDO /Users/ppvfx/Documents/IA/whisper-env/lib/python3.10/site-packages/torch/backends/__pycache__ 0
REMOVIDO /Users/ppvfx/Documents/IA/whisper-env/lib/python3.10/site-packages/torch/_library/__pycache__ 0
REMOVIDO /Users/ppvfx/Documents/IA/whisper-env/lib/python3.10/site-packages/torch/_refs/nn/__pycache__ 0
REMOVIDO /Users/ppvfx/Documents/IA/whisper-env/lib/python3.10/site-packages/torch/profiler/__pycache__ 0
REMOVIDO /Users/ppvfx/Documents/IA/whisper-env/lib/python3.10/site-packages/torch/compiler/__pycache__ 0
REMOVIDO /Users/ppvfx/Documents/IA/whisper-env/lib/python3.10/site-packages/faster_whisper/__pycache__ 0
REMOVIDO /Users/ppvfx/Documents/IA/whisper-env/lib/python3.10/site-packages/numba/stencils/__pycache__ 0
REMOVIDO /Users/ppvfx/Documents/IA/whisper-env/lib/python3.10/site-packages/numba/np/types/__pycache__ 0
REMOVIDO /Users/ppvfx/Documents/IA/whisper-env/lib/python3.10/site-packages/numba/np/ufunc/__pycache__ 0
REMOVIDO /Users/ppvfx/Documents/IA/whisper-env/lib/python3.10/site-packages/huggingface_hub/__pycache__ 0
REMOVIDO /Users/ppvfx/Documents/IA/whisper-env/lib/python3.10/site-packages/torch/_dispatch/__pycache__ 0
REMOVIDO /Users/ppvfx/Documents/IA/whisper-env/lib/python3.10/site-packages/torch/fx/passes/__pycache__ 0
REMOVIDO /Users/ppvfx/Documents/IA/whisper-env/lib/python3.10/site-packages/torch/ao/nn/qat/__pycache__ 0
REMOVIDO /Users/ppvfx/Documents/IA/whisper-env/lib/python3.10/site-packages/numpy/matrixlib/__pycache__ 0
REMOVIDO /Users/ppvfx/Documents/IA/whisper-env/lib/python3.10/site-packages/llvmlite/binding/__pycache__ 0
REMOVIDO /Users/ppvfx/Documents/IA/whisper-env/lib/python3.10/site-packages/torch/_functorch/__pycache__ 0
REMOVIDO /Users/ppvfx/Documents/IA/whisper-env/lib/python3.10/site-packages/torch/_custom_op/__pycache__ 0
REMOVIDO /Users/ppvfx/Documents/IA/whisper-env/lib/python3.10/site-packages/torch/nn/modules/__pycache__ 0
REMOVIDO /Users/ppvfx/Documents/IA/whisper-env/lib/python3.10/site-packages/torch/utils/data/__pycache__ 0
REMOVIDO /Users/ppvfx/Documents/IA/whisper-env/lib/python3.10/site-packages/numpy/polynomial/__pycache__ 0
REMOVIDO /Users/ppvfx/Documents/IA/whisper-env/lib/python3.10/site-packages/numba/core/types/__pycache__ 0
REMOVIDO /Users/ppvfx/Documents/IA/whisper-env/lib/python3.10/site-packages/torch/_subclasses/__pycache__ 0
REMOVIDO /Users/ppvfx/Documents/IA/whisper-env/lib/python3.10/site-packages/torch/nn/parallel/__pycache__ 0
REMOVIDO /Users/ppvfx/Documents/IA/whisper-env/lib/python3.10/site-packages/torch/distributed/__pycache__ 0
REMOVIDO /Users/ppvfx/Documents/IA/whisper-env/lib/python3.10/site-packages/torch/accelerator/__pycache__ 0
REMOVIDO /Users/ppvfx/Documents/IA/whisper-env/lib/python3.10/site-packages/torch/_native/ops/__pycache__ 0
REMOVIDO /Users/ppvfx/Documents/IA/whisper-env/lib/python3.10/site-packages/ctranslate2/specs/__pycache__ 0
REMOVIDO /Users/ppvfx/Documents/IA/whisper-env/lib/python3.10/site-packages/numba/core/typing/__pycache__ 0
REMOVIDO /Users/ppvfx/Documents/IA/whisper-env/lib/python3.10/site-packages/numba/core/unsafe/__pycache__ 0
REMOVIDO /Users/ppvfx/Documents/IA/whisper-env/lib/python3.10/site-packages/numba/cloudpickle/__pycache__ 0
REMOVIDO /Users/ppvfx/Documents/IA/whisper-env/lib/python3.10/site-packages/torch/nn/attention/__pycache__ 0
REMOVIDO /Users/ppvfx/Documents/IA/whisper-env/lib/python3.10/site-packages/torch/nn/quantized/__pycache__ 0
REMOVIDO /Users/ppvfx/Documents/IA/whisper-env/lib/python3.10/site-packages/torch/nn/intrinsic/__pycache__ 0
REMOVIDO /Users/ppvfx/Documents/IA/whisper-env/lib/python3.10/site-packages/torch/backends/mha/__pycache__ 0
REMOVIDO /Users/ppvfx/Documents/IA/whisper-env/lib/python3.10/site-packages/torch/backends/mps/__pycache__ 0
REMOVIDO /Users/ppvfx/Documents/IA/whisper-env/lib/python3.10/site-packages/torch/backends/cpu/__pycache__ 0
REMOVIDO /Users/ppvfx/Documents/IA/whisper-env/lib/python3.10/site-packages/torch/backends/mkl/__pycache__ 0
REMOVIDO /Users/ppvfx/Documents/IA/whisper-env/lib/python3.10/site-packages/torch/quantization/__pycache__ 0
REMOVIDO /Users/ppvfx/Documents/IA/whisper-env/lib/python3.10/site-packages/torch/ao/nn/sparse/__pycache__ 0
REMOVIDO /Users/ppvfx/Documents/IA/whisper-env/lib/python3.10/site-packages/torch/_refs/linalg/__pycache__ 0
REMOVIDO /Users/ppvfx/Documents/IA/whisper-env/lib/python3.10/site-packages/torch/_strobelight/__pycache__ 0
REMOVIDO /Users/ppvfx/Documents/IA/whisper-env/lib/python3.10/site-packages/ctranslate2/models/__pycache__ 0
REMOVIDO /Users/ppvfx/Documents/IA/whisper-env/lib/python3.10/site-packages/numba/experimental/__pycache__ 0
REMOVIDO /Users/ppvfx/Documents/IA/whisper-env/lib/python3.10/site-packages/numba/core/runtime/__pycache__ 0
REMOVIDO /Users/ppvfx/Documents/IA/whisper-env/lib/python3.10/site-packages/torch/_prims_common/__pycache__ 0
REMOVIDO /Users/ppvfx/Documents/IA/whisper-env/lib/python3.10/site-packages/torch/backends/cuda/__pycache__ 0
REMOVIDO /Users/ppvfx/Documents/IA/whisper-env/lib/python3.10/site-packages/torch/_refs/special/__pycache__ 0
REMOVIDO /Users/ppvfx/Documents/IA/whisper-env/lib/python3.10/site-packages/torch/distributions/__pycache__ 0
REMOVIDO /Users/ppvfx/Documents/IA/whisper-env/lib/python3.10/site-packages/numba/core/typeconv/__pycache__ 0
REMOVIDO /Users/ppvfx/Documents/IA/whisper-env/lib/python3.10/site-packages/numba/core/rewrites/__pycache__ 0
REMOVIDO /Users/ppvfx/Documents/IA/whisper-env/lib/python3.10/site-packages/torch/nn/qat/dynamic/__pycache__ 0
REMOVIDO /Users/ppvfx/Documents/IA/whisper-env/lib/python3.10/site-packages/torch/nn/qat/modules/__pycache__ 0
REMOVIDO /Users/ppvfx/Documents/IA/whisper-env/lib/python3.10/site-packages/torch/nn/quantizable/__pycache__ 0
REMOVIDO /Users/ppvfx/Documents/IA/whisper-env/lib/python3.10/site-packages/torch/backends/cudnn/__pycache__ 0
REMOVIDO /Users/ppvfx/Documents/IA/whisper-env/lib/python3.10/site-packages/torch/signal/windows/__pycache__ 0
REMOVIDO /Users/ppvfx/Documents/IA/whisper-env/lib/python3.10/site-packages/numba/core/datamodel/__pycache__ 0
REMOVIDO /Users/ppvfx/Documents/IA/whisper-env/lib/python3.10/site-packages/numba/cpython/unsafe/__pycache__ 0
REMOVIDO /Users/ppvfx/Documents/IA/whisper-env/lib/python3.10/site-packages/torch/distributed/rpc/__pycache__ 0
REMOVIDO /Users/ppvfx/Documents/IA/whisper-env/lib/python3.10/site-packages/torch/fx/experimental/__pycache__ 0
REMOVIDO /Users/ppvfx/Documents/IA/whisper-env/lib/python3.10/site-packages/torch/fx/passes/infra/__pycache__ 0
REMOVIDO /Users/ppvfx/Documents/IA/whisper-env/lib/python3.10/site-packages/torch/fx/passes/utils/__pycache__ 0
REMOVIDO /Users/ppvfx/Documents/IA/whisper-env/lib/python3.10/site-packages/torch/multiprocessing/__pycache__ 0
REMOVIDO /Users/ppvfx/Documents/IA/whisper-env/lib/python3.10/site-packages/torch/backends/nnpack/__pycache__ 0
REMOVIDO /Users/ppvfx/Documents/IA/whisper-env/lib/python3.10/site-packages/torch/backends/miopen/__pycache__ 0
REMOVIDO /Users/ppvfx/Documents/IA/whisper-env/lib/python3.10/site-packages/torch/backends/mkldnn/__pycache__ 0
REMOVIDO /Users/ppvfx/Documents/IA/whisper-env/lib/python3.10/site-packages/torch/backends/openmp/__pycache__ 0
REMOVIDO /Users/ppvfx/Documents/IA/whisper-env/lib/python3.10/site-packages/torch/ao/nn/quantized/__pycache__ 0
REMOVIDO /Users/ppvfx/Documents/IA/whisper-env/lib/python3.10/site-packages/torch/ao/nn/intrinsic/__pycache__ 0
REMOVIDO /Users/ppvfx/Documents/IA/whisper-env/lib/python3.10/site-packages/torch/ao/quantization/__pycache__ 0
REMOVIDO /Users/ppvfx/Documents/IA/whisper-env/lib/python3.10/site-packages/torch/package/analyze/__pycache__ 0
REMOVIDO /Users/ppvfx/Documents/IA/whisper-env/lib/python3.10/site-packages/torch/nn/intrinsic/qat/__pycache__ 0
REMOVIDO /Users/ppvfx/Documents/IA/whisper-env/lib/python3.10/site-packages/torch/utils/backcompat/__pycache__ 0
REMOVIDO /Users/ppvfx/Documents/IA/whisper-env/lib/python3.10/site-packages/torch/nested/_internal/__pycache__ 0
REMOVIDO /Users/ppvfx/Documents/IA/whisper-env/lib/python3.10/site-packages/torch/_native/ops/norm/__pycache__ 0
REMOVIDO /Users/ppvfx/Documents/IA/whisper-env/lib/python3.10/site-packages/torch/_native/ops/topk/__pycache__ 0
REMOVIDO /Users/ppvfx/Documents/IA/whisper-env/lib/python3.10/site-packages/ctranslate2/converters/__pycache__ 0
REMOVIDO /Users/ppvfx/Documents/IA/whisper-env/lib/python3.10/site-packages/numba/core/annotations/__pycache__ 0
REMOVIDO /Users/ppvfx/Documents/IA/whisper-env/lib/python3.10/site-packages/torch/_higher_order_ops/__pycache__ 0
REMOVIDO /Users/ppvfx/Documents/IA/whisper-env/lib/python3.10/site-packages/torch/_vendor/packaging/__pycache__ 0
REMOVIDO /Users/ppvfx/Documents/IA/whisper-env/lib/python3.10/site-packages/torch/backends/kleidiai/__pycache__ 0
REMOVIDO /Users/ppvfx/Documents/IA/whisper-env/lib/python3.10/site-packages/torch/utils/_debug_mode/__pycache__ 0
REMOVIDO /Users/ppvfx/Documents/IA/whisper-env/lib/python3.10/site-packages/torch/utils/data/_utils/__pycache__ 0
REMOVIDO /Users/ppvfx/Documents/IA/whisper-env/lib/python3.10/site-packages/torch/testing/_internal/__pycache__ 0
REMOVIDO /Users/ppvfx/Documents/IA/whisper-env/lib/python3.10/site-packages/torch/ao/nn/qat/dynamic/__pycache__ 0
REMOVIDO /Users/ppvfx/Documents/IA/whisper-env/lib/python3.10/site-packages/torch/ao/nn/qat/modules/__pycache__ 0
REMOVIDO /Users/ppvfx/Documents/IA/whisper-env/lib/python3.10/site-packages/torch/ao/nn/quantizable/__pycache__ 0
REMOVIDO /Users/ppvfx/Documents/IA/whisper-env/lib/python3.10/site-packages/torch/backends/quantized/__pycache__ 0
REMOVIDO /Users/ppvfx/Documents/IA/whisper-env/lib/python3.10/site-packages/torch/distributed/_pycute/__pycache__ 0
REMOVIDO /Users/ppvfx/Documents/IA/whisper-env/lib/python3.10/site-packages/torch/backends/opt_einsum/__pycache__ 0
REMOVIDO /Users/ppvfx/Documents/IA/whisper-env/lib/python3.10/site-packages/torch/backends/cusparselt/__pycache__ 0
REMOVIDO /Users/ppvfx/Documents/IA/whisper-env/lib/python3.10/site-packages/torch/masked/maskedtensor/__pycache__ 0
REMOVIDO /Users/ppvfx/Documents/IA/whisper-env/lib/python3.10/site-packages/torch/utils/serialization/__pycache__ 0
REMOVIDO /Users/ppvfx/Documents/IA/whisper-env/lib/python3.10/site-packages/torch/ao/nn/intrinsic/qat/__pycache__ 0
REMOVIDO /Users/ppvfx/Documents/IA/whisper-env/lib/python3.10/site-packages/torch/_refs/nn/functional/__pycache__ 0
REMOVIDO /Users/ppvfx/Documents/IA/whisper-env/lib/python3.10/site-packages/torch/nn/quantized/dynamic/__pycache__ 0
REMOVIDO /Users/ppvfx/Documents/IA/whisper-env/lib/python3.10/site-packages/torch/nn/quantized/modules/__pycache__ 0
REMOVIDO /Users/ppvfx/Documents/IA/whisper-env/lib/python3.10/site-packages/torch/nn/intrinsic/modules/__pycache__ 0
REMOVIDO /Users/ppvfx/Documents/IA/whisper-env/lib/python3.10/site-packages/torch/distributed/autograd/__pycache__ 0
REMOVIDO /Users/ppvfx/Documents/IA/whisper-env/lib/python3.10/site-packages/torch/utils/data/datapipes/__pycache__ 0
REMOVIDO /Users/ppvfx/Documents/IA/whisper-env/lib/python3.10/site-packages/numba/experimental/jitclass/__pycache__ 0
REMOVIDO /Users/ppvfx/Documents/IA/whisper-env/lib/python3.10/site-packages/torch/nn/qat/dynamic/modules/__pycache__ 0
REMOVIDO /Users/ppvfx/Documents/IA/whisper-env/lib/python3.10/site-packages/torch/nn/quantizable/modules/__pycache__ 0
REMOVIDO /Users/ppvfx/Documents/IA/whisper-env/lib/python3.10/site-packages/torch/nn/intrinsic/quantized/__pycache__ 0
REMOVIDO /Users/ppvfx/Documents/IA/whisper-env/lib/python3.10/site-packages/torch/distributed/algorithms/__pycache__ 0
REMOVIDO /Users/ppvfx/Documents/IA/whisper-env/lib/python3.10/site-packages/torch/backends/python_native/__pycache__ 0
REMOVIDO /Users/ppvfx/Documents/IA/whisper-env/lib/python3.10/site-packages/torch/ao/nn/sparse/quantized/__pycache__ 0
REMOVIDO /Users/ppvfx/Documents/IA/whisper-env/lib/python3.10/site-packages/torch/_native/ops/foreach_mm/__pycache__ 0
REMOVIDO /Users/ppvfx/Documents/IA/whisper-env/lib/python3.10/site-packages/torch/ao/nn/quantized/dynamic/__pycache__ 0
REMOVIDO /Users/ppvfx/Documents/IA/whisper-env/lib/python3.10/site-packages/torch/ao/nn/quantized/modules/__pycache__ 0
REMOVIDO /Users/ppvfx/Documents/IA/whisper-env/lib/python3.10/site-packages/torch/ao/nn/intrinsic/modules/__pycache__ 0
REMOVIDO /Users/ppvfx/Documents/IA/whisper-env/lib/python3.10/site-packages/torch/_native/ops/scatter_add/__pycache__ 0
REMOVIDO /Users/ppvfx/Documents/IA/whisper-env/lib/python3.10/site-packages/torch/_functorch/_aot_autograd/__pycache__ 0
REMOVIDO /Users/ppvfx/Documents/IA/whisper-env/lib/python3.10/site-packages/torch/nn/intrinsic/qat/modules/__pycache__ 0
REMOVIDO /Users/ppvfx/Documents/IA/whisper-env/lib/python3.10/site-packages/torch/utils/data/datapipes/map/__pycache__ 0
REMOVIDO /Users/ppvfx/Documents/IA/whisper-env/lib/python3.10/site-packages/torch/utils/data/datapipes/iter/__pycache__ 0
REMOVIDO /Users/ppvfx/Documents/IA/whisper-env/lib/python3.10/site-packages/torch/ao/nn/qat/dynamic/modules/__pycache__ 0
REMOVIDO /Users/ppvfx/Documents/IA/whisper-env/lib/python3.10/site-packages/torch/ao/nn/quantized/reference/__pycache__ 0
REMOVIDO /Users/ppvfx/Documents/IA/whisper-env/lib/python3.10/site-packages/torch/ao/nn/quantizable/modules/__pycache__ 0
REMOVIDO /Users/ppvfx/Documents/IA/whisper-env/lib/python3.10/site-packages/torch/ao/nn/intrinsic/quantized/__pycache__ 0
REMOVIDO /Users/ppvfx/Documents/IA/whisper-env/lib/python3.10/site-packages/torch/utils/data/datapipes/utils/__pycache__ 0
REMOVIDO /Users/ppvfx/Documents/IA/whisper-env/lib/python3.10/site-packages/torch/fx/experimental/unification/__pycache__ 0
REMOVIDO /Users/ppvfx/Documents/IA/whisper-env/lib/python3.10/site-packages/torch/ao/nn/intrinsic/qat/modules/__pycache__ 0
REMOVIDO /Users/ppvfx/Documents/IA/whisper-env/lib/python3.10/site-packages/torch/_native/ops/bmm_outer_product/__pycache__ 0
REMOVIDO /Users/ppvfx/Documents/IA/whisper-env/lib/python3.10/site-packages/torch/nn/intrinsic/quantized/modules/__pycache__ 0
REMOVIDO /Users/ppvfx/Documents/IA/whisper-env/lib/python3.10/site-packages/torch/utils/data/datapipes/dataframe/__pycache__ 0
REMOVIDO /Users/ppvfx/Documents/IA/whisper-env/lib/python3.10/site-packages/torch/ao/nn/sparse/quantized/dynamic/__pycache__ 0
REMOVIDO /Users/ppvfx/Documents/IA/whisper-env/lib/python3.10/site-packages/torch/ao/nn/quantized/dynamic/modules/__pycache__ 0
REMOVIDO /Users/ppvfx/Documents/IA/whisper-env/lib/python3.10/site-packages/torch/ao/nn/quantized/reference/modules/__pycache__ 0
REMOVIDO /Users/ppvfx/Documents/IA/whisper-env/lib/python3.10/site-packages/torch/ao/nn/intrinsic/quantized/dynamic/__pycache__ 0
REMOVIDO /Users/ppvfx/Documents/IA/whisper-env/lib/python3.10/site-packages/torch/ao/nn/intrinsic/quantized/modules/__pycache__ 0
REMOVIDO /Users/ppvfx/Documents/IA/whisper-env/lib/python3.10/site-packages/torch/nn/intrinsic/quantized/dynamic/modules/__pycache__ 0
REMOVIDO /Users/ppvfx/Documents/IA/whisper-env/lib/python3.10/site-packages/torch/ao/nn/intrinsic/quantized/dynamic/modules/__pycache__ 0
REMOVIDO /Users/ppvfx/Documents/IA/whisper-env/lib/python3.10/site-packages/torch/fx/experimental/unification/multipledispatch/__pycache__ 0
{"mode": "execute", "estimated_bytes": 805654528, "disk_free_before": 67591380992, "preserved": ["arquivos pessoais e duplicados", "Downloads", "Lixeira", "apps instalados", "perfis", "preferencias", "modelos e runtimes locais", "edicoes salvas de news"], "disk_free_after": 68131090432, "removed_bytes": 486907904, "remaining_removed_targets": []}
Alvos: 212 Ignorados: 301 Avisos: 1 Falhas: 1
304.0 MiB /Users/ppvfx/.npm/_cacache
295.3 MiB /Users/ppvfx/Library/Caches/pip
106.2 MiB /Users/ppvfx/Library/Caches/electron
62.6 MiB /Users/ppvfx/Library/Caches/node-gyp
0.1 MiB /Users/ppvfx/Documents/IA/whisper-env/lib/python3.10/site-packages/scipy/_lib/__pycache__
0.0 MiB /Users/ppvfx/.npm/_logs
0.0 MiB /Users/ppvfx/Documents/IA/whisper-env/lib/python3.10/site-packages/__pycache__
0.0 MiB /Users/ppvfx/Documents/IA/whisper-env/lib/python3.10/site-packages/numpy/_typing/__pycache__
0.0 MiB /Users/ppvfx/Documents/IA/.video-tools/yaml/__pycache__
0.0 MiB /Users/ppvfx/Documents/IA/.tools/pymupdf/pymupdf/__pycache__
0.0 MiB /Users/ppvfx/Documents/IA/whisper-env/lib/python3.10/site-packages/av/__pycache__
0.0 MiB /Users/ppvfx/Documents/IA/whisper-env/lib/python3.10/site-packages/PIL/__pycache__
